// Vitest Snapshot v1, https://vitest.dev/guide/snapshot.html

exports[`Done page > matches snapshot 1`] = `
<DocumentFragment>
  <div
    class="margin-top-1 margin-bottom-3"
  >
    <a
      href="/credits"
    >
      <svg
        aria-hidden="true"
        class="usa-icon top-05"
        focusable="false"
        height="1em"
        role="img"
        viewBox="0 0 24 24"
        width="1em"
        xmlns="http://www.w3.org/2000/svg"
      >
        <path
          d="M20 11H7.83l5.59-5.59L12 4l-8 8 8 8 1.41-1.41L7.83 13H20v-2z"
        />
      </svg>
      <span
        class="margin-left-05"
      >
        components.breadcrumbs.back
      </span>
    </a>
  </div>
  <div
    class="usa-prose"
  >
    <div
      aria-atomic="true"
      aria-live="polite"
      aria-relevant="additions"
      role="log"
    >
      <h1
        class="font-body-lg text-normal margin-top-0"
      >
        pages.ScreenerDone.heading
      </h1>
    </div>
    <div
      class="margin-top-3"
    >
      <div
        class="usa-accordion usa-accordion--bordered"
        data-testid="accordion"
      >
        <h3
          class="usa-accordion__heading"
        >
          <button
            aria-controls="pages.ScreenerDone.accordion"
            aria-expanded="false"
            class="usa-accordion__button"
            data-testid="accordionButton_pages.ScreenerDone.accordion"
            type="button"
          />
        </h3>
        <div
          class="usa-accordion__content usa-prose"
          data-testid="accordionItem_pages.ScreenerDone.accordion"
          hidden=""
          id="pages.ScreenerDone.accordion"
        />
      </div>
    </div>
  </div>
  <div
    class="margin-y-2"
  >
    <a
      class="usa-button"
      href="https://openfile.tax/df/file/"
    >
      pages.ScreenerDone.button.text
    </a>
  </div>
  <div
    class="usa-alert usa-alert--info usa-alert--validation margin-top-3"
    data-testid="alert"
  >
    <div
      class="usa-alert__body"
    />
  </div>
</DocumentFragment>
`;
